@1:T_BEGIN:HAI-@3:T_COMMAND_TERMINATOR:
-@3:T_FUNC_BEGIN:HOW IZ I-@3:T_T_IDENTIFIER:FOO-@4:T_COMMAND_TERMINATOR:
-@4:T_WRITE_STDOUT:VISIBLE-@4:T_T_STRING:"hi"-@6:T_COMMAND_TERMINATOR:
-@6:T_END:KTHXBYE-@7:T_COMMAND_TERMINATOR:
-@7:T_EOF:
