Line 6: Invalid expression, unexpected token KTHXBYE
Line 7: Expected tokens: IF U SAY SO
Line 7: Expected tokens: KTHXBYE
