@2:T_COMMAND_TERMINATOR:
-@2:T_BEGIN:HAI-@4:T_COMMAND_TERMINATOR:
-@4:T_LOOP_BEGIN:IM IN YR-@4:T_DECLARE_VAR:I HAS A-@4:T_T_IDENTIFIER:COUNT-@4:T_DECLARE_SET_VAR:ITZ-@4:T_T_INT:1-@4:T_COMMAND_TERMINATOR:,-@4:T_WHILE:WILE-@4:T_NOT_EQUAL:DIFFRINT-@4:T_T_IDENTIFIER:COUNT-@4:T_AND:AN-@4:T_MAX:BIGGR OF-@4:T_T_IDENTIFIER:COUNT-@4:T_AND:AN-@4:T_T_INT:5-@5:T_COMMAND_TERMINATOR:
-@5:T_WRITE_STDOUT:VISIBLE-@5:T_CONCAT:SMOOSH-@5:T_T_STRING:"COUNT IZ "-@5:T_AND:AN-@5:T_T_IDENTIFIER:COUNT-@5:T_END_INF:MKAY-@5:T_BANG:!-@6:T_COMMAND_TERMINATOR:
-@6:T_RETURN_VAL:FOUND YR-@6:T_T_INT:5-@7:T_COMMAND_TERMINATOR:
-@7:T_T_IDENTIFIER:COUNT-@7:T_ASSIGN:R-@7:T_PLUS:SUM OF-@7:T_T_IDENTIFIER:COUNT-@7:T_AND:AN-@7:T_T_INT:1-@8:T_COMMAND_TERMINATOR:
-@8:T_LOOP_END:IM OUTTA YR-@10:T_COMMAND_TERMINATOR:
-@10:T_WRITE_STDOUT:VISIBLE-@10:T_T_STRING:"DONE!"-@12:T_COMMAND_TERMINATOR:
-@12:T_END:KTHXBYE-@13:T_COMMAND_TERMINATOR:
-@13:T_EOF:
