@1:T_BEGIN:HAI-@3:T_COMMAND_TERMINATOR:
-@3:T_RETURN_VAL:FOUND YR-@3:T_T_INT:5-@5:T_COMMAND_TERMINATOR:
-@5:T_END:KTHXBYE-@6:T_COMMAND_TERMINATOR:
-@6:T_EOF:
