Line 3: Cannot FOUND YR or GTFO from main program block
