COUNT IZ 1
Line 6: Cannot FOUND YR or GTFO from main program block
