HOW-IZ-I-function-YR-<argument1>-AN-YR-<argument2>-
-<code-block>-
-IF-U-SAY-SO-
-
-I-IZ-function1-YR-<expression1>-AN-YR-<expression2>-AN-YR-<expression3>-MKAY-
-
-HOW-IZ-I-functiontwo-
-<codeblock2>-
-<morecode>-
-IF-U-SAY-SO-
-
-I-IZ-function2-
