@1:T_BEGIN:HAI-@3:T_COMMAND_TERMINATOR:
-@3:T_DECLARE_VAR:I HAS A-@3:T_T_IDENTIFIER:STR-@3:T_DECLARE_SET_VAR:ITZ-@3:T_T_STRING:"FIVE"-@4:T_COMMAND_TERMINATOR:
-@4:T_DECLARE_VAR:I HAS A-@4:T_T_IDENTIFIER:RESULT-@4:T_DECLARE_SET_VAR:ITZ-@4:T_PLUS:SUM OF-@4:T_T_IDENTIFIER:STR-@4:T_AND:AN-@4:T_T_INT:1-@6:T_COMMAND_TERMINATOR:
-@6:T_WRITE_STDOUT:VISIBLE-@6:T_T_IDENTIFIER:RESULT-@8:T_COMMAND_TERMINATOR:
-@8:T_END:KTHXBYE-@10:T_COMMAND_TERMINATOR:
-@10:T_EOF:
