@1:T_BEGIN:HAI-@3:T_COMMAND_TERMINATOR:
-@3:T_DECLARE_VAR:I HAS A-@3:T_T_IDENTIFIER:TRUTHY-@3:T_DECLARE_SET_VAR:ITZ-@3:T_TRUE:WIN-@4:T_COMMAND_TERMINATOR:
-@4:T_DECLARE_VAR:I HAS A-@4:T_T_IDENTIFIER:FALSY-@4:T_DECLARE_SET_VAR:ITZ-@4:T_FALSE:FAIL-@6:T_COMMAND_TERMINATOR:
-@6:T_BOOL_AND:BOTH OF-@6:T_T_IDENTIFIER:TRUTHY-@6:T_AND:AN-@6:T_T_IDENTIFIER:FALSY-@6:T_COMMAND_TERMINATOR:,-@6:T_IF:O RLY?-@7:T_COMMAND_TERMINATOR:
-@7:T_THEN:YA RLY-@8:T_COMMAND_TERMINATOR:
-@8:T_WRITE_STDOUT:VISIBLE-@8:T_T_STRING:"BOTH TRUE"-@8:T_BANG:!-@9:T_COMMAND_TERMINATOR:
-@9:T_ELSE:NO WAI-@10:T_COMMAND_TERMINATOR:
-@10:T_WRITE_STDOUT:VISIBLE-@10:T_T_STRING:"ONE OR BOTH FALSE"-@10:T_BANG:!-@11:T_COMMAND_TERMINATOR:
-@11:T_END_IF:OIC-@13:T_COMMAND_TERMINATOR:
-@13:T_END:KTHXBYE-@14:T_COMMAND_TERMINATOR:
-@14:T_EOF:
