@1:T_BEGIN:HAI-@3:T_COMMAND_TERMINATOR:
-@3:T_DECLARE_VAR:I HAS A-@3:T_T_IDENTIFIER:numone-@3:T_DECLARE_SET_VAR:ITZ-@3:T_T_INT:5-@4:T_COMMAND_TERMINATOR:
-@4:T_DECLARE_VAR:I HAS A-@4:T_T_IDENTIFIER:numtwo-@4:T_DECLARE_SET_VAR:ITZ-@4:T_T_INT:3-@6:T_COMMAND_TERMINATOR:
-@6:T_DECLARE_VAR:I HAS A-@6:T_T_IDENTIFIER:total-@6:T_DECLARE_SET_VAR:ITZ-@6:T_PLUS:SUM OF-@6:T_T_IDENTIFIER:numone-@6:T_AND:AN-@6:T_T_IDENTIFIER:numtwo-@8:T_COMMAND_TERMINATOR:
-@8:T_WRITE_STDOUT:VISIBLE-@8:T_CONCAT:SMOOSH-@8:T_T_STRING:"TOTAL IZ "-@8:T_AND:AN-@8:T_T_IDENTIFIER:total-@8:T_END_INF:MKAY-@8:T_BANG:!-@10:T_COMMAND_TERMINATOR:
-@10:T_END:KTHXBYE-@11:T_COMMAND_TERMINATOR:
-@11:T_EOF:
