@2:T_COMMAND_TERMINATOR:
-@2:T_BEGIN:HAI-@4:T_COMMAND_TERMINATOR:
-@4:T_LOOP_BEGIN:IM IN YR-@4:T_DECLARE_VAR:I HAS A-@4:T_T_IDENTIFIER:COUNT-@4:T_DECLARE_SET_VAR:ITZ-@4:T_T_INT:1-@4:T_COMMAND_TERMINATOR:,-@4:T_WHILE:WILE-@4:T_NOT_EQUAL:DIFFRINT-@4:T_T_IDENTIFIER:COUNT-@4:T_AND:AN-@4:T_MAX:BIGGR OF-@4:T_T_IDENTIFIER:COUNT-@4:T_AND:AN-@4:T_T_INT:5-@5:T_COMMAND_TERMINATOR:
-@5:T_WRITE_STDOUT:VISIBLE-@5:T_CONCAT:SMOOSH-@5:T_T_STRING:"COUNT IZ "-@5:T_AND:AN-@5:T_T_IDENTIFIER:COUNT-@5:T_END_INF:MKAY-@5:T_BANG:!-@6:T_COMMAND_TERMINATOR:
-@6:T_T_IDENTIFIER:COUNT-@6:T_ASSIGN:R-@6:T_PLUS:SUM OF-@6:T_T_IDENTIFIER:COUNT-@6:T_AND:AN-@6:T_T_INT:1-@7:T_COMMAND_TERMINATOR:
-@7:T_LOOP_END:IM OUTTA YR-@9:T_COMMAND_TERMINATOR:
-@9:T_WRITE_STDOUT:VISIBLE-@9:T_T_STRING:"DONE!"-@11:T_COMMAND_TERMINATOR:
-@11:T_END:KTHXBYE-@12:T_COMMAND_TERMINATOR:
-@12:T_EOF:
