COUNT IZ 1 1
COUNT IZ 1 2
COUNT IZ 1 3
COUNT IZ 1 4
COUNT IZ 2 1
COUNT IZ 2 2
COUNT IZ 2 3
COUNT IZ 2 4
COUNT IZ 3 1
COUNT IZ 3 2
COUNT IZ 3 3
COUNT IZ 3 4
COUNT IZ 4 1
COUNT IZ 4 2
COUNT IZ 4 3
COUNT IZ 4 4
DONE!