@1:T_BEGIN:HAI-@3:T_COMMAND_TERMINATOR:
-@3:T_EQUAL:BOTH SAEM-@3:T_T_INT:1-@3:T_AND:AN-@3:T_T_INT:2-@3:T_COMMAND_TERMINATOR:,-@3:T_IF:O RLY?-@4:T_COMMAND_TERMINATOR:
-@4:T_THEN:YA RLY-@5:T_COMMAND_TERMINATOR:
-@5:T_ELSE:NO WAI-@6:T_COMMAND_TERMINATOR:
-@6:T_WRITE_STDOUT:VISIBLE-@6:T_T_STRING:"OK"-@7:T_COMMAND_TERMINATOR:
-@7:T_END_IF:OIC-@8:T_COMMAND_TERMINATOR:
-@8:T_END_IF:OIC-@10:T_COMMAND_TERMINATOR:
-@10:T_END:KTHXBYE-@11:T_COMMAND_TERMINATOR:
-@11:T_EOF:
