@1:T_BEGIN:HAI-@3:T_COMMAND_TERMINATOR:
-@3:T_DECLARE_VAR:I HAS A-@3:T_T_IDENTIFIER:fish-@3:T_DECLARE_SET_VAR:ITZ-@3:T_T_STRING:"bob"-@4:T_COMMAND_TERMINATOR:
-@4:T_DECLARE_VAR:I HAS A-@4:T_T_IDENTIFIER:stone-@5:T_COMMAND_TERMINATOR:
-@5:T_DECLARE_VAR:I HAS A-@5:T_T_IDENTIFIER:fishtwo-@5:T_DECLARE_TYPE_VAR:ITZ A-@5:T_TI_STRING:YARN-@7:T_COMMAND_TERMINATOR:
-@7:T_WRITE_STDOUT:VISIBLE-@7:T_T_IDENTIFIER:fish-@7:T_BANG:!-@8:T_COMMAND_TERMINATOR:
-@8:T_T_IDENTIFIER:stone-@8:T_T_STRING:"two"-@9:T_COMMAND_TERMINATOR:
-@9:T_T_IDENTIFIER:fishtwo-@9:T_ASSIGN:R-@9:T_T_STRING:"lol"-@10:T_COMMAND_TERMINATOR:
-@10:T_WRITE_STDOUT:VISIBLE-@10:T_T_IDENTIFIER:fishtwo-@10:T_BANG:!-@12:T_COMMAND_TERMINATOR:
-@12:T_T_IDENTIFIER:KTHX-@13:T_COMMAND_TERMINATOR:
-@13:T_EOF:
