Line 8: Expected tokens: ',' , newline, end of file
Line 13: Expected tokens: KTHXBYE
