@1:T_BEGIN:HAI-@3:T_COMMAND_TERMINATOR:
-@3:T_FUNC_BEGIN:HOW IZ I-@3:T_T_IDENTIFIER:ADD-@4:T_COMMAND_TERMINATOR:
-@4:T_RETURN_VAL:FOUND YR-@4:T_T_STRING:"PRIUNTABLE"-@5:T_COMMAND_TERMINATOR:
-@5:T_FUNC_END:IF U SAY SO-@7:T_COMMAND_TERMINATOR:
-@7:T_WRITE_STDOUT:VISIBLE-@7:T_FUNC_CALL:I IZ-@7:T_T_IDENTIFIER:ADD-@7:T_END_INF:MKAY-@9:T_COMMAND_TERMINATOR:
-@9:T_END:KTHXBYE-@10:T_COMMAND_TERMINATOR:
-@10:T_EOF:
