@1:T_BEGIN:HAI-@3:T_COMMAND_TERMINATOR:
-@3:T_DECLARE_VAR:I HAS A-@3:T_T_IDENTIFIER:VAR-@3:T_DECLARE_SET_VAR:ITZ-@3:T_T_INT:42-@5:T_COMMAND_TERMINATOR:
-@5:T_EQUAL:BOTH SAEM-@5:T_T_IDENTIFIER:VAR-@5:T_AND:AN-@5:T_T_INT:42-@5:T_COMMAND_TERMINATOR:,-@5:T_IF:O RLY?-@6:T_COMMAND_TERMINATOR:
-@6:T_THEN:YA RLY-@7:T_COMMAND_TERMINATOR:
-@7:T_WRITE_STDOUT:VISIBLE-@7:T_CONCAT:SMOOSH-@7:T_T_STRING:"VAR IZ "-@7:T_AND:AN-@7:T_T_IDENTIFIER:VAR-@7:T_END_INF:MKAY-@7:T_BANG:!-@8:T_COMMAND_TERMINATOR:
-@8:T_ELSE:NO WAI-@9:T_COMMAND_TERMINATOR:
-@9:T_WRITE_STDOUT:VISIBLE-@9:T_T_STRING:"NOPE"-@9:T_T_IDENTIFIER:VAR-@9:T_T_STRING:"IS NOT 42"-@9:T_BANG:!-@10:T_COMMAND_TERMINATOR:
-@10:T_END_IF:OIC-@12:T_COMMAND_TERMINATOR:
-@12:T_END:KTHXBYE-@13:T_COMMAND_TERMINATOR:
-@13:T_EOF:
