@1:T_BEGIN:HAI-@3:T_COMMAND_TERMINATOR:
-@3:T_DECLARE_VAR:I HAS A-@3:T_T_IDENTIFIER:VALUE-@3:T_DECLARE_SET_VAR:ITZ-@3:T_T_STRING:"GLOBAL"-@5:T_COMMAND_TERMINATOR:
-@5:T_WRITE_STDOUT:VISIBLE-@5:T_CONCAT:SMOOSH-@5:T_T_STRING:"OUTSIDE: "-@5:T_AND:AN-@5:T_T_IDENTIFIER:VALUE-@5:T_END_INF:MKAY-@5:T_BANG:!-@7:T_COMMAND_TERMINATOR:
-@7:T_TRUE:WIN-@7:T_COMMAND_TERMINATOR:,-@7:T_IF:O RLY?-@8:T_COMMAND_TERMINATOR:
-@8:T_THEN:YA RLY-@9:T_COMMAND_TERMINATOR:
-@9:T_DECLARE_VAR:I HAS A-@9:T_T_IDENTIFIER:VALUE-@9:T_DECLARE_SET_VAR:ITZ-@9:T_T_STRING:"LOCAL"-@10:T_COMMAND_TERMINATOR:
-@10:T_WRITE_STDOUT:VISIBLE-@10:T_CONCAT:SMOOSH-@10:T_T_STRING:"INSIDE: "-@10:T_AND:AN-@10:T_T_IDENTIFIER:VALUE-@10:T_END_INF:MKAY-@10:T_BANG:!-@11:T_COMMAND_TERMINATOR:
-@11:T_ELSE:NO WAI-@12:T_COMMAND_TERMINATOR:
-@12:T_WRITE_STDOUT:VISIBLE-@12:T_T_STRING:"NO OP"-@13:T_COMMAND_TERMINATOR:
-@13:T_END_IF:OIC-@15:T_COMMAND_TERMINATOR:
-@15:T_WRITE_STDOUT:VISIBLE-@15:T_CONCAT:SMOOSH-@15:T_T_STRING:"AFTER: "-@15:T_AND:AN-@15:T_T_IDENTIFIER:VALUE-@15:T_END_INF:MKAY-@15:T_BANG:!-@17:T_COMMAND_TERMINATOR:
-@17:T_END:KTHXBYE-@19:T_COMMAND_TERMINATOR:
-@19:T_EOF:
