@1:T_BEGIN:HAI-@3:T_COMMAND_TERMINATOR:
-@3:T_WRITE_STDOUT:VISIBLE-@3:T_BOOL_AND_INF:ALL OF-@3:T_TRUE:WIN-@3:T_AND:AN-@3:T_T_IDENTIFIER:FAL-@3:T_BANG:!-@5:T_COMMAND_TERMINATOR:
-@5:T_END:KTHXBYE-@6:T_COMMAND_TERMINATOR:
-@6:T_EOF:
