@1:T_BEGIN:HAI-@3:T_COMMAND_TERMINATOR:
-@3:T_WRITE_STDOUT:VISIBLE-@3:T_T_IDENTIFIER:LOL-@3:T_T_IDENTIFIER:OF-@3:T_T_INT:3-@3:T_AND:AN-@3:T_T_INT:4-@3:T_BANG:!-@5:T_COMMAND_TERMINATOR:
-@5:T_END:KTHXBYE-@8:T_COMMAND_TERMINATOR:
-@8:T_EOF:
