@1:T_BEGIN:HAI-@3:T_COMMAND_TERMINATOR:
-@3:T_TRUE:WIN-@3:T_COMMAND_TERMINATOR:,-@3:T_IF:O RLY?-@4:T_COMMAND_TERMINATOR:
-@4:T_THEN:YA RLY-@5:T_COMMAND_TERMINATOR:
-@5:T_DECLARE_VAR:I HAS A-@5:T_T_IDENTIFIER:SECRET-@5:T_DECLARE_SET_VAR:ITZ-@5:T_T_STRING:"SHH"-@6:T_COMMAND_TERMINATOR:
-@6:T_WRITE_STDOUT:VISIBLE-@6:T_T_IDENTIFIER:SECRET-@7:T_COMMAND_TERMINATOR:
-@7:T_ELSE:NO WAI-@8:T_COMMAND_TERMINATOR:
-@8:T_WRITE_STDOUT:VISIBLE-@8:T_T_STRING:"NOPE"-@9:T_COMMAND_TERMINATOR:
-@9:T_END_IF:OIC-@11:T_COMMAND_TERMINATOR:
-@11:T_WRITE_STDOUT:VISIBLE-@11:T_T_IDENTIFIER:SECRET-@13:T_COMMAND_TERMINATOR:
-@13:T_END:KTHXBYE-@15:T_COMMAND_TERMINATOR:
-@15:T_EOF:
