SHHLine 11: Cannot access uninitiazlied varaible SECRET
