@1:T_BEGIN:HAI-@3:T_COMMAND_TERMINATOR:
-@3:T_DECLARE_VAR:I HAS A-@3:T_T_IDENTIFIER:VAR-@3:T_DECLARE_SET_VAR:ITZ-@3:T_T_INT:2-@4:T_COMMAND_TERMINATOR:
-@4:T_DECLARE_VAR:I HAS A-@4:T_T_IDENTIFIER:VAR-@4:T_DECLARE_SET_VAR:ITZ-@4:T_T_INT:3-@6:T_COMMAND_TERMINATOR:
-@6:T_END:KTHXBYE-@7:T_COMMAND_TERMINATOR:
-@7:T_EOF:
