BOTH SAEM SUM OF PRODUKT OF 2 3 QUOSHUNT OF 12 4 10